// Jest Snapshot v1, https://goo.gl/fbAQLP

exports[`About Snapshot Test 1`] = `
<h1>
  Hello
</h1>
`;
